{
  "errors": [],
  "state": {
    "mode": "explore",
    "view": "hero",
    "loaded": true,
    "playing": false,
    "time": 0,
    "meshes": 147,
    "zoom": 1,
    "actors": [
      {
        "name": "actor_chick_1",
        "type": "chick",
        "index": 0,
        "position": [
          -0.9300000071525574,
          0.4637305736541748,
          3.119999885559082
        ],
        "rotation": [
          0,
          -0.19999999694863843,
          0,
          "XYZ"
        ],
        "peck": 0
      },
      {
        "name": "actor_chick_2",
        "type": "chick",
        "index": 1,
        "position": [
          -0.23000000417232513,
          0.42807963490486145,
          2.9600000381469727
        ],
        "rotation": [
          0,
          0.500000077703858,
          0,
          "XYZ"
        ],
        "peck": 0.6454270020026995
      },
      {
        "name": "actor_chick_3",
        "type": "chick",
        "index": 2,
        "position": [
          0.3700000047683716,
          0.4377547800540924,
          2.680000066757202
        ],
        "rotation": [
          0,
          -0.19999999694863843,
          0,
          "XYZ"
        ],
        "peck": 0.056207105497722884
      },
      {
        "name": "actor_chick_4",
        "type": "chick",
        "index": 3,
        "position": [
          0.9399999976158142,
          0.4250388741493225,
          2.5999999046325684
        ],
        "rotation": [
          0,
          0.39999991011722696,
          0,
          "XYZ"
        ],
        "peck": 0
      },
      {
        "name": "actor_chick_5",
        "type": "chick",
        "index": 4,
        "position": [
          0.44999998807907104,
          0.4439185857772827,
          2.0899999141693115
        ],
        "rotation": [
          0,
          -0.7000000998605862,
          0,
          "XYZ"
        ],
        "peck": 0
      },
      {
        "name": "actor_chick_6",
        "type": "chick",
        "index": 5,
        "position": [
          -0.09000000357627869,
          0.4562980532646179,
          2.240000009536743
        ],
        "rotation": [
          0,
          0.1000000002053869,
          0,
          "XYZ"
        ],
        "peck": 0
      },
      {
        "name": "actor_duck_1",
        "type": "duck",
        "index": 0,
        "position": [
          3.030731235631014,
          0.332,
          2.7
        ],
        "rotation": [
          0,
          0.0163479972035776,
          0,
          "XYZ"
        ],
        "peck": 0
      },
      {
        "name": "actor_duck_2",
        "type": "duck",
        "index": 1,
        "position": [
          3.3690471020803514,
          0.3345244129544237,
          4.1903951561393775
        ],
        "rotation": [
          0,
          0.013447785136343541,
          0.010097651817694758,
          "XYZ"
        ],
        "peck": 0
      },
      {
        "name": "actor_hen",
        "type": "hen",
        "index": 0,
        "position": [
          -2,
          0.45175740122795105,
          2.869999885559082
        ],
        "rotation": [
          0,
          0.5500001788643942,
          0,
          "XYZ"
        ],
        "peck": 0
      }
    ],
    "movingGroups": 18
  },
  "materials": [
    {
      "name": "actor_chick_1",
      "pos": [
        -0.9300000071525574,
        0.4637305736541748,
        3.119999885559082
      ],
      "scale": [
        0.9719552397727966,
        0.9719552397727966,
        0.9719552397727966
      ],
      "rot": [
        0,
        -0.19999999694863843,
        0,
        "XYZ"
      ]
    },
    {
      "name": "actor_chick_2",
      "pos": [
        -0.23000000417232513,
        0.42807963490486145,
        2.9600000381469727
      ],
      "scale": [
        0.8635672330856323,
        0.8635672330856323,
        0.8635672330856323
      ],
      "rot": [
        0,
        0.500000077703858,
        0,
        "XYZ"
      ]
    },
    {
      "name": "actor_chick_3",
      "pos": [
        0.3700000047683716,
        0.4377547800540924,
        2.680000066757202
      ],
      "scale": [
        0.8687412738800049,
        0.8687412738800049,
        0.8687412738800049
      ],
      "rot": [
        0,
        -0.19999999694863843,
        0,
        "XYZ"
      ]
    },
    {
      "name": "actor_chick_4",
      "pos": [
        0.9399999976158142,
        0.4250388741493225,
        2.5999999046325684
      ],
      "scale": [
        0.8331261277198792,
        0.8331261277198792,
        0.8331261277198792
      ],
      "rot": [
        0,
        0.39999991011722696,
        0,
        "XYZ"
      ]
    },
    {
      "name": "actor_chick_5",
      "pos": [
        0.44999998807907104,
        0.4439185857772827,
        2.0899999141693115
      ],
      "scale": [
        0.8637006878852844,
        0.8637006878852844,
        0.8637006878852844
      ],
      "rot": [
        0,
        -0.7000000998605862,
        0,
        "XYZ"
      ]
    },
    {
      "name": "actor_chick_6",
      "pos": [
        -0.09000000357627869,
        0.4562980532646179,
        2.240000009536743
      ],
      "scale": [
        0.9495978951454163,
        0.9495977759361267,
        0.9495978951454163
      ],
      "rot": [
        0,
        0.1000000002053869,
        0,
        "XYZ"
      ]
    },
    {
      "name": "actor_duck_1",
      "pos": [
        3.030731235631014,
        0.332,
        2.7
      ],
      "scale": [
        0.8799999952316284,
        0.8799999952316284,
        0.8799999952316284
      ],
      "rot": [
        0,
        0.0163479972035776,
        0,
        "XYZ"
      ]
    },
    {
      "name": "actor_duck_2",
      "pos": [
        3.3690471020803514,
        0.3345244129544237,
        4.1903951561393775
      ],
      "scale": [
        0.8799999952316284,
        0.8799999952316284,
        0.8799999952316284
      ],
      "rot": [
        0,
        0.013447785136343541,
        0.010097651817694758,
        "XYZ"
      ]
    },
    {
      "name": "actor_hen",
      "pos": [
        -2,
        0.45175740122795105,
        2.869999885559082
      ],
      "scale": [
        0.9499999284744263,
        0.949999988079071,
        0.9499999284744263
      ],
      "rot": [
        0,
        0.5500001788643942,
        0,
        "XYZ"
      ]
    },
    {
      "name": "wind_tree_branch_·_老树树皮",
      "pos": [
        0,
        0,
        0
      ],
      "scale": [
        1,
        1,
        1
      ],
      "rot": [
        0,
        0,
        0,
        "XYZ"
      ],
      "bb": {
        "isBox3": true,
        "min": {
          "x": 1.6216706037521362,
          "y": 1.9680386781692505,
          "z": -2.2936089038848877
        },
        "max": {
          "x": 5.02483606338501,
          "y": 5.292842388153076,
          "z": 0.4507746398448944
        }
      }
    }
  ]
}
